end_device_app.c:601:13:APP_JoinEventsHandler	8	static
end_device_app.c:585:13:App_UpdateStateLeds	8	static
end_device_app.c:435:13:APP_ConfigModeHandleKeyboard	8	static
end_device_app.c:490:13:APP_AppModeHandleKeyboard	8	static
end_device_app.c:559:13:App_HandleKeyboard	8	static
end_device_app.c:948:13:APP_LocalDataSinkRelease	24	static
end_device_app.c:747:20:APP_SendDataSinkCommand	32	static
end_device_app.c:798:13:APP_SendDataSinkRelease	24	static
end_device_app.c:660:13:APP_CoapGenericCallback	8	static
end_device_app.c:1167:13:APP_CoapSinkCb	16	static
end_device_app.c:1001:13:APP_ProcessLedCmd	24	static
end_device_app.c:822:13:APP_SendLedCommand	24	static
end_device_app.c:930:13:APP_SendLedColorWheel	32	static
end_device_app.c:913:13:APP_SendLedFlash	16	static
end_device_app.c:896:13:APP_SendLedRgbOff	40	static
end_device_app.c:971:13:APP_CoapLedCb	16	static
end_device_app.c:865:13:APP_SendLedRgbOn	56	static
end_device_app.c:698:13:APP_ReportTemp	24	static
end_device_app.c:776:13:APP_SendDataSinkCreate	16	static
end_device_app.c:404:13:APP_InitCoapDemo	72	static
end_device_app.c:1096:13:APP_CoapTempCb	88	static
end_device_app.c:1200:13:APP_RetrieveTimerCounterCb	16	static
end_device_app.c:635:13:APP_SwWakeUpCb	8	static
end_device_app.c:156:6:APP_Init	8	static
end_device_app.c:219:6:APP_Handler	8	static
end_device_app.c:244:6:APP_NwkScanHandler	16	static
end_device_app.c:270:6:Stack_to_APP_Handler	24	static
end_device_app.c:343:6:APP_Commissioning_Handler	8	static
end_device_app.c:380:6:App_SedWakeUpFromKeyBoard	16	static
