router_eligible_device_app.c:551:13:App_TimerTeam5Callback	8	static
router_eligible_device_app.c:540:13:APP_ThrNwkJoin	8	static
router_eligible_device_app.c:833:13:APP_JoinEventsHandler	8	static
router_eligible_device_app.c:579:13:App_JoinTimerCallback	8	static
router_eligible_device_app.c:714:13:APP_AppModeHandleKeyboard	8	static
router_eligible_device_app.c:809:13:App_UpdateStateLeds	8	static
router_eligible_device_app.c:600:13:APP_ConfigModeSwShortPressHandler	8	static
router_eligible_device_app.c:671:13:APP_ConfigModeHandleKeyboard	8	static
router_eligible_device_app.c:783:13:App_HandleKeyboard	8	static
router_eligible_device_app.c:1499:13:App_RestoreLeaderLed	8	static
router_eligible_device_app.c:1169:13:APP_LocalDataSinkRelease	24	static
router_eligible_device_app.c:968:20:APP_SendDataSinkCommand	32	static
router_eligible_device_app.c:1019:13:APP_SendDataSinkRelease	24	static
router_eligible_device_app.c:881:13:APP_CoapGenericCallback	8	static
router_eligible_device_app.c:1460:13:APP_CoapSinkCb	16	static
router_eligible_device_app.c:1285:13:APP_ProcessLedCmd	24	static
router_eligible_device_app.c:1043:13:APP_SendLedCommand	24	static
router_eligible_device_app.c:1151:13:APP_SendLedColorWheel	32	static
router_eligible_device_app.c:1134:13:APP_SendLedFlash	16	static
router_eligible_device_app.c:1117:13:APP_SendLedRgbOff	40	static
router_eligible_device_app.c:1255:13:APP_CoapLedCb	16	static
router_eligible_device_app.c:1086:13:APP_SendLedRgbOn	56	static
router_eligible_device_app.c:919:13:APP_ReportTemp	24	static
router_eligible_device_app.c:997:13:APP_SendDataSinkCreate	16	static
router_eligible_device_app.c:495:13:APP_InitCoapDemo	80	static
router_eligible_device_app.c:1389:13:APP_CoapTempCb	88	static
router_eligible_device_app.c:190:6:APP_Init	8	static
router_eligible_device_app.c:252:6:APP_Handler	8	static
router_eligible_device_app.c:277:6:APP_NwkScanHandler	16	static
router_eligible_device_app.c:303:6:Stack_to_APP_Handler	16	static
router_eligible_device_app.c:411:6:APP_Commissioning_Handler	72	static
router_eligible_device_app.c:479:6:App_RestoreLeaderLedCb	8	static
router_eligible_device_app.c:1597:7:App_GetCounterData	32	static
router_eligible_device_app.c:1181:13:APP_CoapTeam5Cb	64	static
